###############################################################################
#
# IAR ELF Linker V7.10.1.6676/W32 for ARM                 18/Aug/2015  21:14:45
# Copyright 2007-2014 IAR Systems AB.
#
#    Output file  =  E:\8月\8月10\Prj\IAR\FX15_Debug\Exe\vcan_Kinetis.out
#    Map file     =  E:\8月\8月10\Prj\IAR\FX15_Debug\List\vcan_Kinetis.map
#    Command line =  
#        E:\8月\8月10\Prj\IAR\FX15_Debug\Obj\diskio.o
#        E:\8月\8月10\Prj\IAR\FX15_Debug\Obj\ff.o
#        E:\8月\8月10\Prj\IAR\FX15_Debug\Obj\init.o
#        E:\8月\8月10\Prj\IAR\FX15_Debug\Obj\main.o
#        E:\8月\8月10\Prj\IAR\FX15_Debug\Obj\misc.o
#        E:\8月\8月10\Prj\IAR\FX15_Debug\Obj\MK60_adc.o
#        E:\8月\8月10\Prj\IAR\FX15_Debug\Obj\MK60_can.o
#        E:\8月\8月10\Prj\IAR\FX15_Debug\Obj\MK60_conf.o
#        E:\8月\8月10\Prj\IAR\FX15_Debug\Obj\MK60_dac.o
#        E:\8月\8月10\Prj\IAR\FX15_Debug\Obj\MK60_dma.o
#        E:\8月\8月10\Prj\IAR\FX15_Debug\Obj\MK60_DWT.o
#        E:\8月\8月10\Prj\IAR\FX15_Debug\Obj\MK60_flash.o
#        E:\8月\8月10\Prj\IAR\FX15_Debug\Obj\MK60_flexbus.o
#        E:\8月\8月10\Prj\IAR\FX15_Debug\Obj\MK60_ftm.o
#        E:\8月\8月10\Prj\IAR\FX15_Debug\Obj\MK60_gpio.o
#        E:\8月\8月10\Prj\IAR\FX15_Debug\Obj\MK60_i2c.o
#        E:\8月\8月10\Prj\IAR\FX15_Debug\Obj\MK60_it.o
#        E:\8月\8月10\Prj\IAR\FX15_Debug\Obj\MK60_lptmr.o
#        E:\8月\8月10\Prj\IAR\FX15_Debug\Obj\MK60_mcg.o
#        E:\8月\8月10\Prj\IAR\FX15_Debug\Obj\MK60_PIT.o
#        E:\8月\8月10\Prj\IAR\FX15_Debug\Obj\MK60_port.o
#        E:\8月\8月10\Prj\IAR\FX15_Debug\Obj\MK60_rtc.o
#        E:\8月\8月10\Prj\IAR\FX15_Debug\Obj\MK60_sdhc.o
#        E:\8月\8月10\Prj\IAR\FX15_Debug\Obj\MK60_spi.o
#        E:\8月\8月10\Prj\IAR\FX15_Debug\Obj\MK60_SysTick.o
#        E:\8月\8月10\Prj\IAR\FX15_Debug\Obj\MK60_uart.o
#        E:\8月\8月10\Prj\IAR\FX15_Debug\Obj\MK60_usb.o
#        E:\8月\8月10\Prj\IAR\FX15_Debug\Obj\MK60_wdog.o
#        E:\8月\8月10\Prj\IAR\FX15_Debug\Obj\startup_MK60DZ10.o
#        E:\8月\8月10\Prj\IAR\FX15_Debug\Obj\system_MK60DZ10.o
#        E:\8月\8月10\Prj\IAR\FX15_Debug\Obj\tx_process.o
#        E:\8月\8月10\Prj\IAR\FX15_Debug\Obj\USB.o
#        E:\8月\8月10\Prj\IAR\FX15_Debug\Obj\USB_CDC.o
#        E:\8月\8月10\Prj\IAR\FX15_Debug\Obj\VCAN_ASCII.o
#        E:\8月\8月10\Prj\IAR\FX15_Debug\Obj\VCAN_BMP.o
#        E:\8月\8月10\Prj\IAR\FX15_Debug\Obj\vcan_img2sd.o
#        E:\8月\8月10\Prj\IAR\FX15_Debug\Obj\VCAN_key.o
#        E:\8月\8月10\Prj\IAR\FX15_Debug\Obj\VCAN_key_event.o
#        E:\8月\8月10\Prj\IAR\FX15_Debug\Obj\VCAN_LCD.o
#        E:\8月\8月10\Prj\IAR\FX15_Debug\Obj\VCAN_LCD_CH.o
#        E:\8月\8月10\Prj\IAR\FX15_Debug\Obj\VCAN_LCD_ILI9341.o
#        E:\8月\8月10\Prj\IAR\FX15_Debug\Obj\VCAN_LCD_ST7735R.o
#        E:\8月\8月10\Prj\IAR\FX15_Debug\Obj\VCAN_LCD_ST7735S.o
#        E:\8月\8月10\Prj\IAR\FX15_Debug\Obj\VCAN_LED.o
#        E:\8月\8月10\Prj\IAR\FX15_Debug\Obj\VCAN_MMA7455.o
#        E:\8月\8月10\Prj\IAR\FX15_Debug\Obj\VCAN_NRF24L0.o
#        E:\8月\8月10\Prj\IAR\FX15_Debug\Obj\VCAN_NRF24L0_MSG.o
#        E:\8月\8月10\Prj\IAR\FX15_Debug\Obj\VCAN_OV7725_Eagle.o
#        E:\8月\8月10\Prj\IAR\FX15_Debug\Obj\VCAN_OV7725_Wolf.o
#        E:\8月\8月10\Prj\IAR\FX15_Debug\Obj\VCAN_RTC_count.o
#        E:\8月\8月10\Prj\IAR\FX15_Debug\Obj\VCAN_SCCB.o
#        E:\8月\8月10\Prj\IAR\FX15_Debug\Obj\vcan_sd_app.o
#        E:\8月\8月10\Prj\IAR\FX15_Debug\Obj\Vcan_touch.o
#        E:\8月\8月10\Prj\IAR\FX15_Debug\Obj\VCAN_TSL1401.o
#        E:\8月\8月10\Prj\IAR\FX15_Debug\Obj\VCAN_UI_VAR.o
#        E:\8月\8月10\Prj\IAR\FX15_Debug\Obj\vectors.o --redirect
#        _Printf=_PrintfLargeNoMb --redirect _Scanf=_ScanfLargeNoMb -o
#        E:\8月\8月10\Prj\IAR\FX15_Debug\Exe\vcan_Kinetis.out --map
#        E:\8月\8月10\Prj\IAR\FX15_Debug\List\vcan_Kinetis.map --config
#        "E:\8月\8月10\Prj\IAR\config files\vcan_ROM_K60X512.icf"
#        E:\8月\8月10\Prj\IAR\..\..\Lib\CMSIS\iar_cortexM4l_math.a --entry
#        __iar_program_start --redirect __write=__write_buffered --vfe
#
###############################################################################

*******************************************************************************
*** RUNTIME MODEL ATTRIBUTES
***

CppFlavor       = *
__SystemLibrary = DLib


*******************************************************************************
*** PLACEMENT SUMMARY
***

"A1":  place at 0x00000000 { ro section .intvec };
"A2":  place at 0x00000410 { ro section .noinit };
"P1":  place in [from 0x00000000 to 0x00080000] |
                [from 0x10000000 to 0x1007ffff] { ro, block CodeRelocate };
"P2":  place in [from 0x1fff0410 to 0x20010000] {
          rw, block CodeRelocateRam, block CSTACK, block HEAP };

  Section              Kind        Address    Size  Object
  -------              ----        -------    ----  ------
"A1":                                        0x410
  .intvec              const    0x00000000   0x410  vectors.o [1]
                              - 0x00000410   0x410

"P1", part 1 of 2:                             0x0
  .rodata              const    0x00000410     0x0  zero_init3.o [5]

"A2":                                          0x8
  .noinit              ro code  0x00000410     0x8  startup_MK60DZ10.o [1]
                              - 0x00000418     0x8

"P1", part 2 of 2:                          0xe9f4
  .text                ro code  0x00000418  0x495c  tx_process.o [1]
  .text                ro code  0x00004d74    0x30  I32ToDbl.o [4]
  .text                ro code  0x00004da4   0x1a2  DblMul.o [4]
  .text                ro code  0x00004f46    0x22  zero_init3.o [5]
  .text                ro code  0x00004f68    0x58  DblToI32.o [4]
  .text                ro code  0x00004fc0   0x246  DblDiv.o [4]
  .rodata              const    0x00005206     0x2  main.o [1]
  .text                ro code  0x00005208   0x180  DblSub.o [4]
  .text                ro code  0x00005388    0xe8  DblAdd.o [4]
  .text                ro code  0x00005470    0x90  DblToFlt.o [4]
  .text                ro code  0x00005500    0x4e  FltToDbl.o [4]
  .text                ro code  0x00005550   0x64c  VCAN_LCD.o [1]
  .text                ro code  0x00005b9c  0x1c18  VCAN_LCD_ST7735R.o [1]
  .text                ro code  0x000077b4   0x128  MK60_gpio.o [1]
  .text                ro code  0x000078dc    0xb0  MK60_port.o [1]
  .text                ro code  0x0000798c    0x64  MK60_SysTick.o [1]
  Veneer               ro code  0x000079f0     0x8  - Linker created -
  Veneer               ro code  0x000079f8     0x8  - Linker created -
  .text                ro code  0x00007a00   0x140  MK60_conf.o [1]
  .text                ro code  0x00007b40    0x70  VCAN_LED.o [1]
  .text                ro code  0x00007bb0    0x24  printf.o [3]
  .text                ro code  0x00007bd4   0x264  MK60_uart.o [1]
  .text                ro code  0x00007e38    0x9c  VCAN_key.o [1]
  .text                ro code  0x00007ed4   0xbe2  xprintflarge_nomb.o [3]
  .text                ro code  0x00008ab8    0x16  strchr.o [5]
  .text                ro code  0x00008ad0    0x36  strlen.o [5]
  .text                ro code  0x00008b08    0x58  memchr.o [5]
  .text                ro code  0x00008b60    0xee  I64DivMod.o [5]
  .text                ro code  0x00008c50    0x76  ABImemcpy_unaligned.o [5]
  .text                ro code  0x00008cc6    0x42  xdnorm.o [4]
  .text                ro code  0x00008d08    0x2e  DblCmpLe.o [4]
  .text                ro code  0x00008d38    0x6c  localeconv.o [3]
  .text                ro code  0x00008da4     0xe  div.o [3]
  .text                ro code  0x00008db4     0x2  I64DivZer.o [5]
  .text                ro code  0x00008db6     0x2  xtls.o [3]
  .text                ro code  0x00008db8  0x2e00  init.o [1]
  .text                ro code  0x0000bbb8   0x2b8  MK60_adc.o [1]
  .text                ro code  0x0000be70   0x5e0  MK60_ftm.o [1]
  .data_init                    0x0000c450   0xbec  <Block>
    Initializer bytes  ro data  0x0000c450   0xbec  <for .data-1>
  .rodata              const    0x0000d03c   0x600  VCAN_ASCII.o [1]
  Veneer               ro code  0x0000d63c     0x8  - Linker created -
  .text                ro code  0x0000d644   0x3cc  MK60_mcg.o [1]
  .text                ro code  0x0000da10   0x362  VCAN_SCCB.o [1]
  .text                ro code  0x0000dd74   0x2ec  main.o [1]
  .text                ro code  0x0000e060   0x23c  VCAN_OV7725_Eagle.o [1]
  .text                ro code  0x0000e29c    0x50  misc.o [1]
  .text                ro code  0x0000e2ec    0x7c  MK60_PIT.o [1]
  .text                ro code  0x0000e368   0x284  MK60_dma.o [1]
  CodeRelocate                  0x0000e5ec   0x1f0  <Block>
    Initializer bytes  ro data  0x0000e5ec   0x1f0  <for CodeRelocateRam-1>
  .text                ro code  0x0000e7dc   0x140  system_MK60DZ10.o [1]
  .text                ro code  0x0000e91c    0x40  MK60_wdog.o [1]
  .rodata              const    0x0000e95c    0x3c  MK60_conf.o [1]
  .rodata              const    0x0000e998    0x38  VCAN_LCD_ST7735R.o [1]
  .rodata              const    0x0000e9d0    0x34  MK60_SysTick.o [1]
  .rodata              const    0x0000ea04    0x30  MK60_adc.o [1]
  .rodata              const    0x0000ea34    0x30  MK60_dma.o [1]
  .rodata              const    0x0000ea64    0x30  MK60_flash.o [1]
  .rodata              const    0x0000ea94    0x30  MK60_ftm.o [1]
  .rodata              const    0x0000eac4    0x30  MK60_gpio.o [1]
  .rodata              const    0x0000eaf4    0x30  MK60_PIT.o [1]
  .rodata              const    0x0000eb24    0x2c  misc.o [1]
  .rodata              const    0x0000eb50    0x2c  MK60_uart.o [1]
  .text                ro code  0x0000eb7c    0x28  data_init.o [5]
  .rodata              const    0x0000eba4    0x24  MK60_conf.o [1]
  .rodata              const    0x0000ebc8    0x24  VCAN_OV7725_Eagle.o [1]
  .rodata              const    0x0000ebec    0x24  VCAN_OV7725_Eagle.o [1]
  .iar.init_table      const    0x0000ec10    0x10  - Linker created -
  .rodata              const    0x0000ec20    0x20  MK60_conf.o [1]
  .rodata              const    0x0000ec40    0x20  VCAN_OV7725_Eagle.o [1]
  .text                ro code  0x0000ec60    0x1a  fpinit_M.o [4]
  .text                ro code  0x0000ec7c    0x1a  cmain.o [5]
  .text                ro code  0x0000ec96     0x4  low_level_init.o [3]
  .text                ro code  0x0000ec9a     0x4  exit.o [3]
  .text                ro code  0x0000eca0     0xa  cexit.o [5]
  .text                ro code  0x0000ecac     0xc  XXexit.o [5]
  .rodata              const    0x0000ecb8    0x18  VCAN_OV7725_Eagle.o [1]
  .rodata              const    0x0000ecd0    0x18  VCAN_OV7725_Eagle.o [1]
  .text                ro code  0x0000ece8    0x16  xprout.o [3]
  .text                ro code  0x0000ed00     0xc  putchar.o [3]
  .rodata              const    0x0000ed0c    0x14  MK60_conf.o [1]
  .rodata              const    0x0000ed20    0x14  VCAN_OV7725_Eagle.o [1]
  .text                ro code  0x0000ed34     0xc  cstartup_M.o [5]
  .rodata              const    0x0000ed40     0x4  main.o [1]
  .rodata              const    0x0000ed44     0x4  main.o [1]
  .rodata              const    0x0000ed48     0x4  tx_process.o [1]
  .rodata              const    0x0000ed4c     0x4  tx_process.o [1]
  .rodata              const    0x0000ed50     0x4  tx_process.o [1]
  .rodata              const    0x0000ed54     0x4  tx_process.o [1]
  .rodata              const    0x0000ed58     0x4  tx_process.o [1]
  .rodata              const    0x0000ed5c     0x4  tx_process.o [1]
  .rodata              const    0x0000ed60     0x4  tx_process.o [1]
  .rodata              const    0x0000ed64     0x4  tx_process.o [1]
  .rodata              const    0x0000ed68     0x4  tx_process.o [1]
  .rodata              const    0x0000ed6c     0x4  tx_process.o [1]
  .rodata              const    0x0000ed70     0x4  tx_process.o [1]
  .rodata              const    0x0000ed74     0x4  tx_process.o [1]
  .rodata              const    0x0000ed78     0x4  VCAN_LCD.o [1]
  .rodata              const    0x0000ed7c     0x4  VCAN_LCD.o [1]
  .rodata              const    0x0000ed80     0x4  VCAN_LCD.o [1]
  Initializer bytes    ro data  0x0000ed84    0x88  <for P2 s0>
                              - 0x0000ee0c  0xe9f4

"P2", part 1 of 3:                           0xddc
  .data                         0x1fff0410   0xbec  <Block>
    .data-1                     0x1fff0410   0xbec  <Init block>
      .data            inited   0x1fff0410    0xb4  init.o [1]
      .data            inited   0x1fff04c4     0x1  init.o [1]
      .data            inited   0x1fff04c5     0x1  main.o [1]
      .data            inited   0x1fff04c8     0x8  MK60_adc.o [1]
      .data            inited   0x1fff04d0   0x708  MK60_conf.o [1]
      .data            inited   0x1fff0bd8    0x10  MK60_ftm.o [1]
      .data            inited   0x1fff0be8    0x14  MK60_gpio.o [1]
      .data            inited   0x1fff0bfc    0x58  MK60_mcg.o [1]
      .data            inited   0x1fff0c54     0x4  MK60_mcg.o [1]
      .data            inited   0x1fff0c58    0x14  MK60_port.o [1]
      .data            inited   0x1fff0c6c    0x18  MK60_uart.o [1]
      .data            inited   0x1fff0c84    0x68  tx_process.o [1]
      .data            inited   0x1fff0cec    0x68  tx_process.o [1]
      .data            inited   0x1fff0d54    0x34  tx_process.o [1]
      .data            inited   0x1fff0d88    0xd0  tx_process.o [1]
      .data            inited   0x1fff0e58    0xd0  tx_process.o [1]
      .data            inited   0x1fff0f28     0xc  tx_process.o [1]
      .data            inited   0x1fff0f34     0xc  tx_process.o [1]
      .data            inited   0x1fff0f40     0x8  VCAN_key.o [1]
      .data            inited   0x1fff0f48     0x2  VCAN_LCD_ST7735R.o [1]
      .data            inited   0x1fff0f4a     0x2  VCAN_LCD_ST7735R.o [1]
      .data            inited   0x1fff0f4c     0x4  VCAN_LED.o [1]
      .data            inited   0x1fff0f50     0x1  VCAN_OV7725_Eagle.o [1]
      .data            inited   0x1fff0f54    0x64  VCAN_OV7725_Eagle.o [1]
      .data            inited   0x1fff0fb8     0x1  VCAN_OV7725_Eagle.o [1]
      .data            inited   0x1fff0fbc    0x40  xfiles.o [3]
  CodeRelocateRam               0x1fff0ffc   0x1f0  <Block>
    CodeRelocateRam-1           0x1fff0ffc   0x1f0  <Init block>
      Veneer           inited   0x1fff0ffc     0x8  - Linker created -
      Veneer           inited   0x1fff1004     0x8  - Linker created -
      .textrw          inited   0x1fff100c   0x190  MK60_flash.o [1]
      .textrw          inited   0x1fff119c    0x50  MK60_mcg.o [1]
                              - 0x1fff11ec   0xddc

"P2", part 2 of 3:                          0x1880
  .bss                          0x1fff11ec  0x187d  <Block>
    .bss               zero     0x1fff11ec     0x4  init.o [1]
    .bss               zero     0x1fff11f0     0x4  init.o [1]
    .bss               zero     0x1fff11f4     0x4  init.o [1]
    .bss               zero     0x1fff11f8     0x4  init.o [1]
    .bss               zero     0x1fff11fc     0x4  init.o [1]
    .bss               zero     0x1fff1200     0x4  init.o [1]
    .bss               zero     0x1fff1204     0x4  init.o [1]
    .bss               zero     0x1fff1208     0x4  init.o [1]
    .bss               zero     0x1fff120c     0x4  init.o [1]
    .bss               zero     0x1fff1210     0x4  init.o [1]
    .bss               zero     0x1fff1214     0x4  init.o [1]
    .bss               zero     0x1fff1218     0x4  init.o [1]
    .bss               zero     0x1fff121c     0x4  init.o [1]
    .bss               zero     0x1fff1220     0x4  init.o [1]
    .bss               zero     0x1fff1224     0x4  init.o [1]
    .bss               zero     0x1fff1228     0x4  init.o [1]
    .bss               zero     0x1fff122c     0x4  init.o [1]
    .bss               zero     0x1fff1230     0x4  init.o [1]
    .bss               zero     0x1fff1234     0x4  init.o [1]
    .bss               zero     0x1fff1238     0x4  init.o [1]
    .bss               zero     0x1fff123c     0x4  init.o [1]
    .bss               zero     0x1fff1240     0x4  init.o [1]
    .bss               zero     0x1fff1244     0x4  init.o [1]
    .bss               zero     0x1fff1248     0x4  init.o [1]
    .bss               zero     0x1fff124c     0x4  init.o [1]
    .bss               zero     0x1fff1250     0x4  init.o [1]
    .bss               zero     0x1fff1254     0x4  init.o [1]
    .bss               zero     0x1fff1258     0x4  init.o [1]
    .bss               zero     0x1fff125c     0x4  init.o [1]
    .bss               zero     0x1fff1260     0x4  init.o [1]
    .bss               zero     0x1fff1264     0x4  init.o [1]
    .bss               zero     0x1fff1268     0x4  init.o [1]
    .bss               zero     0x1fff126c     0x4  init.o [1]
    .bss               zero     0x1fff1270     0x4  init.o [1]
    .bss               zero     0x1fff1274     0x4  init.o [1]
    .bss               zero     0x1fff1278     0x4  init.o [1]
    .bss               zero     0x1fff127c     0x4  init.o [1]
    .bss               zero     0x1fff1280     0x4  init.o [1]
    .bss               zero     0x1fff1284     0x4  init.o [1]
    .bss               zero     0x1fff1288     0x4  init.o [1]
    .bss               zero     0x1fff128c   0x258  main.o [1]
    .bss               zero     0x1fff14e4  0x12c0  main.o [1]
    .bss               zero     0x1fff27a4     0x4  system_MK60DZ10.o [1]
    .bss               zero     0x1fff27a8     0x4  system_MK60DZ10.o [1]
    .bss               zero     0x1fff27ac     0x4  system_MK60DZ10.o [1]
    .bss               zero     0x1fff27b0    0x68  tx_process.o [1]
    .bss               zero     0x1fff2818    0x68  tx_process.o [1]
    .bss               zero     0x1fff2880    0x68  tx_process.o [1]
    .bss               zero     0x1fff28e8    0x68  tx_process.o [1]
    .bss               zero     0x1fff2950     0x4  tx_process.o [1]
    .bss               zero     0x1fff2954     0x4  tx_process.o [1]
    .bss               zero     0x1fff2958     0xc  tx_process.o [1]
    .bss               zero     0x1fff2964     0xc  tx_process.o [1]
    .bss               zero     0x1fff2970     0x4  tx_process.o [1]
    .bss               zero     0x1fff2974     0x4  tx_process.o [1]
    .bss               zero     0x1fff2978     0x4  tx_process.o [1]
    .bss               zero     0x1fff297c     0x4  tx_process.o [1]
    .bss               zero     0x1fff2980     0x4  tx_process.o [1]
    .bss               zero     0x1fff2984     0x4  tx_process.o [1]
    .bss               zero     0x1fff2988     0x4  tx_process.o [1]
    .bss               zero     0x1fff298c     0x4  VCAN_OV7725_Eagle.o [1]
    .bss               zero     0x1fff2990    0x50  xfiles.o [3]
    .bss               zero     0x1fff29e0     0x2  init.o [1]
    .bss               zero     0x1fff29e2     0x2  main.o [1]
    .bss               zero     0x1fff29e4     0x2  tx_process.o [1]
    .bss               zero     0x1fff29e6     0x2  tx_process.o [1]
    .bss               zero     0x1fff29e8     0x2  tx_process.o [1]
    .bss               zero     0x1fff29ea     0x2  tx_process.o [1]
    .bss               zero     0x1fff29ec     0x2  tx_process.o [1]
    .bss               zero     0x1fff29ee     0x2  tx_process.o [1]
    .bss               zero     0x1fff29f0     0x2  tx_process.o [1]
    .bss               zero     0x1fff29f2     0x2  tx_process.o [1]
    .bss               zero     0x1fff29f4     0x2  tx_process.o [1]
    .bss               zero     0x1fff29f6     0x2  tx_process.o [1]
    .bss               zero     0x1fff29f8     0x2  tx_process.o [1]
    .bss               zero     0x1fff29fa     0x2  tx_process.o [1]
    .bss               zero     0x1fff29fc     0x2  tx_process.o [1]
    .bss               zero     0x1fff29fe     0x2  tx_process.o [1]
    .bss               zero     0x1fff2a00     0x2  tx_process.o [1]
    .bss               zero     0x1fff2a02     0x1  init.o [1]
    .bss               zero     0x1fff2a03     0x1  init.o [1]
    .bss               zero     0x1fff2a04     0x1  init.o [1]
    .bss               zero     0x1fff2a05     0x1  init.o [1]
    .bss               zero     0x1fff2a06     0x1  init.o [1]
    .bss               zero     0x1fff2a07     0x1  init.o [1]
    .bss               zero     0x1fff2a08     0x1  init.o [1]
    .bss               zero     0x1fff2a09     0x1  init.o [1]
    .bss               zero     0x1fff2a0a     0x1  init.o [1]
    .bss               zero     0x1fff2a0b     0x1  init.o [1]
    .bss               zero     0x1fff2a0c     0x1  main.o [1]
    .bss               zero     0x1fff2a0d     0x1  main.o [1]
    .bss               zero     0x1fff2a0e     0x1  tx_process.o [1]
    .bss               zero     0x1fff2a0f     0x1  tx_process.o [1]
    .bss               zero     0x1fff2a10     0x1  tx_process.o [1]
    .bss               zero     0x1fff2a11     0x1  tx_process.o [1]
    .bss               zero     0x1fff2a12     0x1  tx_process.o [1]
    .bss               zero     0x1fff2a13     0x1  tx_process.o [1]
    .bss               zero     0x1fff2a14     0x1  tx_process.o [1]
    .bss               zero     0x1fff2a15     0x1  tx_process.o [1]
    .bss               zero     0x1fff2a16     0x1  tx_process.o [1]
    .bss               zero     0x1fff2a17     0x1  tx_process.o [1]
    .bss               zero     0x1fff2a18     0x1  tx_process.o [1]
    .bss               zero     0x1fff2a19     0x1  tx_process.o [1]
    .bss               zero     0x1fff2a1a     0x1  tx_process.o [1]
    .bss               zero     0x1fff2a1b     0x1  tx_process.o [1]
    .bss               zero     0x1fff2a1c     0x1  tx_process.o [1]
    .bss               zero     0x1fff2a1d     0x1  tx_process.o [1]
    .bss               zero     0x1fff2a1e     0x1  tx_process.o [1]
    .bss               zero     0x1fff2a1f     0x1  tx_process.o [1]
    .bss               zero     0x1fff2a20     0x1  tx_process.o [1]
    .bss               zero     0x1fff2a21     0x1  tx_process.o [1]
    .bss               zero     0x1fff2a22     0x1  tx_process.o [1]
    .bss               zero     0x1fff2a23     0x1  tx_process.o [1]
    .bss               zero     0x1fff2a24     0x1  tx_process.o [1]
    .bss               zero     0x1fff2a25     0x1  tx_process.o [1]
    .bss               zero     0x1fff2a26     0x1  tx_process.o [1]
    .bss               zero     0x1fff2a27     0x1  tx_process.o [1]
    .bss               zero     0x1fff2a28     0x1  tx_process.o [1]
    .bss               zero     0x1fff2a29     0x1  tx_process.o [1]
    .bss               zero     0x1fff2a2a     0x1  tx_process.o [1]
    .bss               zero     0x1fff2a2b     0x1  tx_process.o [1]
    .bss               zero     0x1fff2a2c     0x1  tx_process.o [1]
    .bss               zero     0x1fff2a2d     0x1  tx_process.o [1]
    .bss               zero     0x1fff2a2e     0x1  tx_process.o [1]
    .bss               zero     0x1fff2a2f     0x1  tx_process.o [1]
    .bss               zero     0x1fff2a30     0x1  tx_process.o [1]
    .bss               zero     0x1fff2a31     0x1  tx_process.o [1]
    .bss               zero     0x1fff2a32     0x1  tx_process.o [1]
    .bss               zero     0x1fff2a33     0x1  tx_process.o [1]
    .bss               zero     0x1fff2a34     0x1  tx_process.o [1]
    .bss               zero     0x1fff2a35     0x1  tx_process.o [1]
    .bss               zero     0x1fff2a36     0x1  tx_process.o [1]
    .bss               zero     0x1fff2a37     0x1  tx_process.o [1]
    .bss               zero     0x1fff2a38     0x1  tx_process.o [1]
    .bss               zero     0x1fff2a39     0x1  tx_process.o [1]
    .bss               zero     0x1fff2a3a     0x1  tx_process.o [1]
    .bss               zero     0x1fff2a3b     0x1  tx_process.o [1]
    .bss               zero     0x1fff2a3c     0x1  tx_process.o [1]
    .bss               zero     0x1fff2a3d     0x1  tx_process.o [1]
    .bss               zero     0x1fff2a3e     0x1  tx_process.o [1]
    .bss               zero     0x1fff2a3f     0x1  tx_process.o [1]
    .bss               zero     0x1fff2a40     0x1  tx_process.o [1]
    .bss               zero     0x1fff2a41     0x1  tx_process.o [1]
    .bss               zero     0x1fff2a42     0x1  tx_process.o [1]
    .bss               zero     0x1fff2a43     0x1  tx_process.o [1]
    .bss               zero     0x1fff2a44     0x1  tx_process.o [1]
    .bss               zero     0x1fff2a45     0x1  tx_process.o [1]
    .bss               zero     0x1fff2a46     0x1  tx_process.o [1]
    .bss               zero     0x1fff2a47     0x1  tx_process.o [1]
    .bss               zero     0x1fff2a48     0x1  tx_process.o [1]
    .bss               zero     0x1fff2a49     0x1  tx_process.o [1]
    .bss               zero     0x1fff2a4a     0x1  tx_process.o [1]
    .bss               zero     0x1fff2a4b     0x1  tx_process.o [1]
    .bss               zero     0x1fff2a4c     0x1  tx_process.o [1]
    .bss               zero     0x1fff2a4d     0x1  tx_process.o [1]
    .bss               zero     0x1fff2a4e     0x1  tx_process.o [1]
    .bss               zero     0x1fff2a4f     0x1  tx_process.o [1]
    .bss               zero     0x1fff2a50     0x1  tx_process.o [1]
    .bss               zero     0x1fff2a51     0x1  tx_process.o [1]
    .bss               zero     0x1fff2a52     0x1  tx_process.o [1]
    .bss               zero     0x1fff2a53     0x1  tx_process.o [1]
    .bss               zero     0x1fff2a54     0x1  tx_process.o [1]
    .bss               zero     0x1fff2a55     0x1  tx_process.o [1]
    .bss               zero     0x1fff2a56     0x1  tx_process.o [1]
    .bss               zero     0x1fff2a57     0x1  tx_process.o [1]
    .bss               zero     0x1fff2a58     0x1  tx_process.o [1]
    .bss               zero     0x1fff2a59     0x1  tx_process.o [1]
    .bss               zero     0x1fff2a5a     0x1  tx_process.o [1]
    .bss               zero     0x1fff2a5b     0x1  tx_process.o [1]
    .bss               zero     0x1fff2a5c     0x1  tx_process.o [1]
    .bss               zero     0x1fff2a5d     0x1  tx_process.o [1]
    .bss               zero     0x1fff2a5e     0x1  tx_process.o [1]
    .bss               zero     0x1fff2a5f     0x1  tx_process.o [1]
    .bss               zero     0x1fff2a60     0x1  tx_process.o [1]
    .bss               zero     0x1fff2a61     0x1  tx_process.o [1]
    .bss               zero     0x1fff2a62     0x1  tx_process.o [1]
    .bss               zero     0x1fff2a63     0x1  tx_process.o [1]
    .bss               zero     0x1fff2a64     0x1  tx_process.o [1]
    .bss               zero     0x1fff2a65     0x1  tx_process.o [1]
    .bss               zero     0x1fff2a66     0x1  tx_process.o [1]
    .bss               zero     0x1fff2a67     0x1  tx_process.o [1]
    .bss               zero     0x1fff2a68     0x1  VCAN_LCD_ST7735R.o [1]
                              - 0x1fff2a69  0x187d

"P2", part 3 of 3:                            0x88
  P2 s0                         0x1fff2a6c    0x88  <Init block>
    __DLIB_PERTHREAD   inited   0x1fff2a6c    0x88  localeconv.o [3]
                              - 0x1fff2af4    0x88


*******************************************************************************
*** INIT TABLE
***

          Address     Size
          -------     ----
Zero (__iar_zero_init3)
    1 destination range, total size 0x187d:
          0x1fff11ec  0x187d



*******************************************************************************
*** MODULE SUMMARY
***

    Module                 ro code  rw code  ro data  rw data
    ------                 -------  -------  -------  -------
E:\8月\8月10\Prj\IAR\FX15_Debug\Obj: [1]
    MK60_PIT.o                 124                48
    MK60_SysTick.o             100                52
    MK60_adc.o                 696                58        8
    MK60_conf.o                320             1 948    1 800
    MK60_dma.o                 644                48
    MK60_flash.o                        400      448
    MK60_ftm.o               1 504                64       16
    MK60_gpio.o                296                68       20
    MK60_mcg.o                 972       80      172       92
    MK60_port.o                176                20       20
    MK60_uart.o                612                68       24
    MK60_wdog.o                 64
    VCAN_ASCII.o                               1 536
    VCAN_LCD.o               1 612                12
    VCAN_LCD_ST7735R.o       7 192                60        5
    VCAN_LED.o                 112                 4        4
    VCAN_OV7725_Eagle.o        572               277      106
    VCAN_SCCB.o                866
    VCAN_key.o                 156                 8        8
    init.o                  11 776               181      353
    main.o                     748                11    5 405
    misc.o                      80                44
    startup_MK60DZ10.o           8
    system_MK60DZ10.o          320                         12
    tx_process.o            18 780               748    1 296
    vectors.o                                  1 040
    ---------------------------------------------------------
    Total:                  47 730      480    6 915    9 169

command line: [2]
    ---------------------------------------------------------
    Total:

dl7M_tlf.a: [3]
    div.o                       14
    exit.o                       4
    localeconv.o               108               136      136
    low_level_init.o             4
    printf.o                    36
    putchar.o                   12
    xfiles.o                                      67      144
    xprintflarge_nomb.o      3 042
    xprout.o                    22
    xtls.o                       2
    ---------------------------------------------------------
    Total:                   3 244               203      280

m7M_tlv.a: [4]
    DblAdd.o                   232
    DblCmpLe.o                  46
    DblDiv.o                   582
    DblMul.o                   418
    DblSub.o                   384
    DblToFlt.o                 144
    DblToI32.o                  88
    FltToDbl.o                  78
    I32ToDbl.o                  48
    fpinit_M.o                  26
    xdnorm.o                    66
    ---------------------------------------------------------
    Total:                   2 112

rt7M_tl.a: [5]
    ABImemcpy_unaligned.o      118
    I64DivMod.o                238
    I64DivZer.o                  2
    XXexit.o                    12
    cexit.o                     10
    cmain.o                     26
    cstartup_M.o                12
    data_init.o                 40
    memchr.o                    88
    strchr.o                    22
    strlen.o                    54
    zero_init3.o                34
    ---------------------------------------------------------
    Total:                     656

    Gaps                        24                          8
    Linker created              24       16       32
-------------------------------------------------------------
    Grand Total:            53 790      496    7 150    9 457


*******************************************************************************
*** ENTRY LIST
***

Entry                      Address    Size  Type      Object
-----                      -------    ----  ----      ------
.bss$$Base              0x1fff11ec           --   Gb  - Linker created -
.bss$$Limit             0x1fff2a69           --   Gb  - Linker created -
.data$$Base             0x1fff0410           --   Gb  - Linker created -
.data$$Limit            0x1fff0ffc           --   Gb  - Linker created -
.data_init$$Base        0x0000c450           --   Gb  - Linker created -
.data_init$$Limit       0x0000d03c           --   Gb  - Linker created -
?main                   0x0000ec7d          Code  Gb  cmain.o [5]
ADCN                    0x1fff04c8     0x8  Data  Gb  MK60_adc.o [1]
ASSERT_FAILED_STR       0x0000eba4    0x24  Data  Gb  MK60_conf.o [1]
CS                      0x1fff2a32     0x1  Data  Gb  tx_process.o [1]
CS_HS                   0x000099e1   0x1da  Code  Gb  init.o [1]
CS_P_1                  0x1fff1240     0x4  Data  Gb  init.o [1]
CS_P_2                  0x1fff1244     0x4  Data  Gb  init.o [1]
CZ_DX                   0x1fff2a30     0x1  Data  Gb  tx_process.o [1]
CenterEq                0x1fff2974     0x4  Data  Gb  tx_process.o [1]
Centerline              0x00001a55    0xb8  Code  Gb  tx_process.o [1]
CodeRelocate$$Base      0x0000e5ec           --   Gb  - Linker created -
CodeRelocate$$Limit     0x0000e7dc           --   Gb  - Linker created -
CodeRelocateRam$$Base   0x1fff0ffc           --   Gb  - Linker created -
CodeRelocateRam$$Limit  0x1fff11ec           --   Gb  - Linker created -
Cont                    0x1fff2a47     0x1  Data  Gb  tx_process.o [1]
Cont_1                  0x1fff2a05     0x1  Data  Gb  init.o [1]
D1                      0x1fff2a4e     0x1  Data  Gb  tx_process.o [1]
DD_1                    0x1fff1220     0x4  Data  Gb  init.o [1]
DD_2                    0x1fff122c     0x4  Data  Gb  init.o [1]
DD_3                    0x1fff1238     0x4  Data  Gb  init.o [1]
DISPLAY                 0x000049ed    0x2e  Code  Gb  tx_process.o [1]
DISPLAY_1               0x00004a41   0x14a  Code  Gb  tx_process.o [1]
DMA0_IRQHandler         0x0000df61     0x8  Code  Gb  main.o [1]
DP_1                    0x1fff121c     0x4  Data  Gb  init.o [1]
DP_2                    0x1fff1228     0x4  Data  Gb  init.o [1]
DP_3                    0x1fff1234     0x4  Data  Gb  init.o [1]
DS_1                    0x1fff1224     0x4  Data  Gb  init.o [1]
DS_2                    0x1fff1230     0x4  Data  Gb  init.o [1]
DS_3                    0x1fff123c     0x4  Data  Gb  init.o [1]
DS_FLAG                 0x1fff2a31     0x1  Data  Gb  tx_process.o [1]
DS_deal                 0x00001515   0x324  Code  Gb  tx_process.o [1]
DS_flag                 0x1fff2a16     0x1  Data  Gb  tx_process.o [1]
DX_FLAG                 0x1fff2a29     0x1  Data  Gb  tx_process.o [1]
DX_count                0x1fff2a2e     0x1  Data  Gb  tx_process.o [1]
DX_deal                 0x000010ed   0x1ee  Code  Gb  tx_process.o [1]
DX_flag                 0x1fff2a15     0x1  Data  Gb  tx_process.o [1]
DX_flag_1               0x1fff2a23     0x1  Data  Gb  tx_process.o [1]
DX_flag_2               0x1fff2a24     0x1  Data  Gb  tx_process.o [1]
DX_flag_3               0x1fff2a25     0x1  Data  Gb  tx_process.o [1]
DX_flag_4               0x1fff2a26     0x1  Data  Gb  tx_process.o [1]
DX_flag_5               0x1fff2a27     0x1  Data  Gb  tx_process.o [1]
DX_flag_6               0x1fff2a28     0x1  Data  Gb  tx_process.o [1]
D_1                     0x1fff1204     0x4  Data  Gb  init.o [1]
D_2                     0x1fff1208     0x4  Data  Gb  init.o [1]
D_3                     0x1fff120c     0x4  Data  Gb  init.o [1]
D_FLAG                  0x1fff2a2c     0x1  Data  Gb  tx_process.o [1]
DangWei_                0x00008ee5   0x4b2  Code  Gb  init.o [1]
EE0                     0x1fff1264     0x4  Data  Gb  init.o [1]
EE1                     0x1fff1268     0x4  Data  Gb  init.o [1]
EE2                     0x1fff126c     0x4  Data  Gb  init.o [1]
FLAG_Count              0x1fff2a09     0x1  Data  Gb  init.o [1]
FTMN                    0x1fff0bd8    0x10  Data  Gb  MK60_ftm.o [1]
FTM_init                0x00008db9   0x12c  Code  Gb  init.o [1]
FTM_port_mux            0x0000be71   0x1ac  Code  Lc  MK60_ftm.o [1]
Fxiankuan               0x1fff0cec    0x68  Data  Gb  tx_process.o [1]
GPIOX                   0x1fff0be8    0x14  Data  Gb  MK60_gpio.o [1]
GX_flag                 0x1fff2a10     0x1  Data  Gb  tx_process.o [1]
HX_D                    0x00002d75   0x314  Code  Gb  tx_process.o [1]
IncPid                  0x1fff1270     0x4  Data  Gb  init.o [1]
JianChe                 0x00009c09    0x5c  Code  Gb  init.o [1]
KEY_PTxn                0x1fff0f40     0x8  Data  Gb  VCAN_key.o [1]
KKd                     0x1fff11f4     0x4  Data  Gb  init.o [1]
KKi                     0x1fff11ec     0x4  Data  Gb  init.o [1]
KKp                     0x1fff11f0     0x4  Data  Gb  init.o [1]
L                       0x1fff2a36     0x1  Data  Gb  tx_process.o [1]
LCD_Img_Binary_Z        0x00005a0f   0x168  Code  Gb  VCAN_LCD.o [1]
LCD_ST7735R_dir         0x00006b5b   0xa0c  Code  Gb  VCAN_LCD_ST7735R.o [1]
LCD_ST7735R_init        0x00005b9d   0xfbe  Code  Gb  VCAN_LCD_ST7735R.o [1]
LCD_ST7735R_ptlon       0x0000757d   0x208  Code  Gb  VCAN_LCD_ST7735R.o [1]
LCD_char                0x0000570b   0x19e  Code  Gb  VCAN_LCD.o [1]
LCD_init                0x00005551    0x2c  Code  Gb  VCAN_LCD.o [1]
LCD_num_BC              0x00005911    0xfe  Code  Gb  VCAN_LCD.o [1]
LCD_point               0x0000564d    0xbe  Code  Gb  VCAN_LCD.o [1]
LCD_point_s             0x00004955    0x4c  Code  Gb  tx_process.o [1]
LCD_point_s_s           0x000049a1    0x4c  Code  Gb  tx_process.o [1]
LCD_points              0x000048f5    0x56  Code  Gb  tx_process.o [1]
LCD_rectangle           0x0000557d    0xd0  Code  Gb  VCAN_LCD.o [1]
LCD_str                 0x000058a9    0x68  Code  Gb  VCAN_LCD.o [1]
LED_PTxn                0x1fff0f4c     0x4  Data  Gb  VCAN_LED.o [1]
M                       0x1fff2a35     0x1  Data  Gb  tx_process.o [1]
MiddleFilter            0x0000042f    0x32  Code  Gb  tx_process.o [1]
NVIC_DisableIRQ         0x0000e075    0x14  Code  Lc  VCAN_OV7725_Eagle.o [1]
NVIC_EnableIRQ          0x0000dd93    0x14  Code  Lc  main.o [1]
NVIC_EnableIRQ          0x0000e061    0x14  Code  Lc  VCAN_OV7725_Eagle.o [1]
NVIC_SetPriority        0x0000dda7    0x26  Code  Lc  main.o [1]
NVIC_SetPriorityGrouping
                        0x0000dd75    0x1e  Code  Lc  main.o [1]
NVIC_SystemReset        0x00007a01    0x1a  Code  Lc  MK60_conf.o [1]
PIT0_IRQHandler         0x0000de95    0x9e  Code  Gb  main.o [1]
PORTA_IRQHandler        0x0000df35    0x2a  Code  Gb  main.o [1]
PORTX                   0x1fff0c58    0x14  Data  Gb  MK60_port.o [1]
PROCESS                 0x00004be1    0x80  Code  Gb  tx_process.o [1]
PWM_OUT_1               0x1fff1254     0x4  Data  Gb  init.o [1]
PWM_OUT_2               0x1fff1258     0x4  Data  Gb  init.o [1]
P_1                     0x1fff11f8     0x4  Data  Gb  init.o [1]
P_2                     0x1fff11fc     0x4  Data  Gb  init.o [1]
P_3                     0x1fff1200     0x4  Data  Gb  init.o [1]
ReadData                0x1fff2a4a     0x1  Data  Gb  tx_process.o [1]
ReadData_1              0x1fff2a07     0x1  Data  Gb  init.o [1]
Region$$Table$$Base     0x0000ec10           --   Gb  - Linker created -
Region$$Table$$Limit    0x0000ec20           --   Gb  - Linker created -
Reset_Handler           0x00000411          Code  Gb  startup_MK60DZ10.o [1]
SCCB_Ack                0x0000dae5    0x3c  Code  Lc  VCAN_SCCB.o [1]
SCCB_GPIO_init          0x0000da2b    0x28  Code  Gb  VCAN_SCCB.o [1]
SCCB_NoAck              0x0000db21    0x3c  Code  Lc  VCAN_SCCB.o [1]
SCCB_ReadByte           0x0000dcc1    0x2c  Code  Gb  VCAN_SCCB.o [1]
SCCB_ReadByte_one       0x0000dced    0x86  Code  Lc  VCAN_SCCB.o [1]
SCCB_ReceiveByte        0x0000dbed    0x54  Code  Lc  VCAN_SCCB.o [1]
SCCB_SendByte           0x0000dba9    0x44  Code  Lc  VCAN_SCCB.o [1]
SCCB_Start              0x0000da53    0x5e  Code  Lc  VCAN_SCCB.o [1]
SCCB_Stop               0x0000dab1    0x34  Code  Lc  VCAN_SCCB.o [1]
SCCB_WaitAck            0x0000db5d    0x4c  Code  Lc  VCAN_SCCB.o [1]
SCCB_WriteByte          0x0000dc51    0x28  Code  Gb  VCAN_SCCB.o [1]
SCCB_WriteByte_one      0x0000dc79    0x48  Code  Lc  VCAN_SCCB.o [1]
SCCB_delay              0x0000da11    0x1a  Code  Lc  VCAN_SCCB.o [1]
SD_FLAG                 0x1fff2a2d     0x1  Data  Gb  tx_process.o [1]
SD_deal                 0x00001335   0x1ce  Code  Gb  tx_process.o [1]
SD_flag                 0x1fff2a17     0x1  Data  Gb  tx_process.o [1]
SP                      0x1fff1288     0x4  Data  Gb  init.o [1]
ST7735R_get_h           0x00007785     0x6  Code  Gb  VCAN_LCD_ST7735R.o [1]
ST7735R_get_w           0x0000778b     0x6  Code  Gb  VCAN_LCD_ST7735R.o [1]
SX_FLAG                 0x1fff2a2a     0x1  Data  Gb  tx_process.o [1]
SX_count                0x1fff2a2f     0x1  Data  Gb  tx_process.o [1]
SX_deal                 0x00000d8d   0x31c  Code  Gb  tx_process.o [1]
SX_flag                 0x1fff2a14     0x1  Data  Gb  tx_process.o [1]
S_1                     0x1fff1210     0x4  Data  Gb  init.o [1]
S_2                     0x1fff1214     0x4  Data  Gb  init.o [1]
S_3                     0x1fff1218     0x4  Data  Gb  init.o [1]
ShiBie_DX               0x000005f7   0x796  Code  Gb  tx_process.o [1]
Speed_Contorl           0x00009d05  0x1cb2  Code  Gb  init.o [1]
Speed_Set               0x1fff1260     0x4  Data  Gb  init.o [1]
Trg                     0x1fff2a48     0x1  Data  Gb  tx_process.o [1]
Trg_1                   0x1fff2a06     0x1  Data  Gb  init.o [1]
UARTN                   0x1fff0c6c    0x18  Data  Gb  MK60_uart.o [1]
Y_COUNT                 0x1fff2a38     0x1  Data  Gb  tx_process.o [1]
Y_Y_Flag                0x1fff2a34     0x1  Data  Gb  tx_process.o [1]
Y_hang                  0x1fff2a3c     0x1  Data  Gb  tx_process.o [1]
ZJ_Process_flag         0x1fff2a49     0x1  Data  Gb  tx_process.o [1]
Z_A_deal                0x00003ee9   0x1f8  Code  Gb  tx_process.o [1]
Z_COUNT                 0x1fff2a37     0x1  Data  Gb  tx_process.o [1]
Z_Z_Flag                0x1fff2a33     0x1  Data  Gb  tx_process.o [1]
Z_hang                  0x1fff2a3b     0x1  Data  Gb  tx_process.o [1]
_1MS_flag               0x1fff2a0c     0x1  Data  Gb  main.o [1]
_90_ZJ                  0x000027fd   0x578  Code  Gb  tx_process.o [1]
_GenldLargeNoMb         0x00008839   0x234  Code  Lc  xprintflarge_nomb.o [3]
_LdtobLargeNoMb         0x000085b9   0x27a  Code  Lc  xprintflarge_nomb.o [3]
_LitobLargeNoMb         0x000084b1   0x106  Code  Lc  xprintflarge_nomb.o [3]
_Locale_aeabi_lconv     0x1fff2abc    0x38  Data  Gb  localeconv.o [3]
_Locale_lconv           0x1fff2a6c    0x50  Data  Gb  localeconv.o [3]
_PrintfLargeNoMb        0x00007ed5   0x5d6  Code  Gb  xprintflarge_nomb.o [3]
_Prout                  0x0000ece9    0x16  Code  Gb  xprout.o [3]
_PutcharsLargeNoMb      0x00008a6d    0x2e  Code  Lc  xprintflarge_nomb.o [3]
__BOOT_STACK_ADDRESS {Abs}
                        0x2000fff8           --   Gb  command line/config [2]
__VECTOR_RAM {Abs}      0x1fff0000           --   Gb  command line/config [2]
__VECTOR_TABLE {Abs}    0x00000000           --   Gb  command line/config [2]
__aeabi_cdcmple         0x00008d09          Code  Gb  DblCmpLe.o [4]
__aeabi_d2f             0x00005471          Code  Gb  DblToFlt.o [4]
__aeabi_d2iz            0x00004f69          Code  Gb  DblToI32.o [4]
__aeabi_d2uiz           0x00004f95          Code  Gb  DblToI32.o [4]
__aeabi_dadd            0x00005389          Code  Gb  DblAdd.o [4]
__aeabi_ddiv            0x00004fc1          Code  Gb  DblDiv.o [4]
__aeabi_dmul            0x00004da5          Code  Gb  DblMul.o [4]
__aeabi_dsub            0x00005209          Code  Gb  DblSub.o [4]
__aeabi_f2d             0x00005501          Code  Gb  FltToDbl.o [4]
__aeabi_i2d             0x00004d75          Code  Gb  I32ToDbl.o [4]
__aeabi_ldiv0           0x00008db5          Code  Gb  I64DivZer.o [5]
__aeabi_ui2d            0x00004d89          Code  Gb  I32ToDbl.o [4]
__aeabi_uldivmod        0x00008b61          Code  Gb  I64DivMod.o [5]
__cmain                 0x0000ec7d          Code  Gb  cmain.o [5]
__code_start__ {Abs}    0x00000410           --   Gb  command line/config [2]
__exit                  0x0000ecad          Code  Gb  XXexit.o [5]
__iar_Dnorm             0x00008cc7    0x42  Code  Gb  xdnorm.o [4]
__iar_Locale_lconv_init
                        0x00008d39    0x3a  Code  Gb  localeconv.o [3]
__iar_Memchr            0x00008b09          Code  Gb  memchr.o [5]
__iar_Stdout            0x1fff0fbc    0x40  Data  Gb  xfiles.o [3]
__iar_Strchr            0x00008ab9          Code  Gb  strchr.o [5]
__iar_d2uiz             0x00004fa1          Code  Gb  DblToI32.o [4]
__iar_dadd              0x0000539d          Code  Gb  DblAdd.o [4]
__iar_data_init3        0x0000eb7d    0x28  Code  Gb  data_init.o [5]
__iar_dlib_perthread_access
                        0x00008db7     0x2  Code  Gb  xtls.o [3]
__iar_dsub              0x0000521d          Code  Gb  DblSub.o [4]
__iar_dsubStart         0x0000522f          Code  Gb  DblSub.o [4]
__iar_init_vfp          0x0000ec61          Code  Gb  fpinit_M.o [4]
__iar_program_start     0x0000ed35          Code  Gb  cstartup_M.o [5]
__iar_ui2d              0x00004d8d          Code  Gb  I32ToDbl.o [4]
__iar_unaligned___aeabi_memcpy
                        0x00008c51          Code  Gb  ABImemcpy_unaligned.o [5]
__iar_unaligned___aeabi_memcpy4
                        0x00008c71          Code  Gb  ABImemcpy_unaligned.o [5]
__iar_unaligned___aeabi_memcpy8
                        0x00008c71          Code  Gb  ABImemcpy_unaligned.o [5]
__iar_zero_init3        0x00004f47    0x22  Code  Gb  zero_init3.o [5]
__low_level_init        0x0000ec97     0x4  Code  Gb  low_level_init.o [3]
__vector_table          0x00000000   0x410  Data  Gb  vectors.o [1]
_call_main              0x0000ec89          Code  Gb  cmain.o [5]
_exit                   0x0000eca1          Code  Gb  cexit.o [5]
_lvbo                   0x00003089    0x76  Code  Gb  tx_process.o [1]
_main                   0x0000ec93          Code  Gb  cmain.o [5]
a                       0x1fff29e0     0x2  Data  Gb  init.o [1]
abs_int                 0x00000419    0x16  Code  Gb  tx_process.o [1]
adc_init                0x0000bbb9   0x20e  Code  Gb  MK60_adc.o [1]
adc_once                0x0000bdc7    0x50  Code  Gb  MK60_adc.o [1]
adc_start               0x0000be17    0x44  Code  Lc  MK60_adc.o [1]
angle                   0x1fff125c     0x4  Data  Gb  init.o [1]
angle_pd                0x0000412d   0x32c  Code  Gb  tx_process.o [1]
angle_pd_1              0x00004481   0x46a  Code  Gb  tx_process.o [1]
angle_pwm               0x1fff2950     0x4  Data  Gb  tx_process.o [1]
ascii_8x16              0x0000d03c   0x600  Data  Gb  VCAN_ASCII.o [1]
assert_failed           0x00007a1b    0x26  Code  Gb  MK60_conf.o [1]
bad_flag                0x1fff29fc     0x2  Data  Gb  tx_process.o [1]
bad_pic                 0x1fff2a11     0x1  Data  Gb  tx_process.o [1]
blackleft               0x1fff2818    0x68  Data  Gb  tx_process.o [1]
blackleft_0             0x1fff2958     0xc  Data  Gb  tx_process.o [1]
blackleft_1             0x1fff2964     0xc  Data  Gb  tx_process.o [1]
blackright              0x1fff27b0    0x68  Data  Gb  tx_process.o [1]
blackright_0            0x1fff0f28     0xc  Data  Gb  tx_process.o [1]
blackright_1            0x1fff0f34     0xc  Data  Gb  tx_process.o [1]
bus_clk_khz             0x1fff27ac     0x4  Data  Gb  system_MK60DZ10.o [1]
bxiankuan               0x1fff0c84    0x68  Data  Gb  tx_process.o [1]
center                  0x1fff2880    0x68  Data  Gb  tx_process.o [1]
center_111              0x1fff29f0     0x2  Data  Gb  tx_process.o [1]
center_2                0x1fff28e8    0x68  Data  Gb  tx_process.o [1]
center_8_2              0x1fff29f4     0x2  Data  Gb  tx_process.o [1]
center_8_3              0x1fff29f2     0x2  Data  Gb  tx_process.o [1]
common_startup          0x0000e847    0x98  Code  Gb  system_MK60DZ10.o [1]
core_clk_khz            0x1fff27a4     0x4  Data  Gb  system_MK60DZ10.o [1]
core_clk_mhz            0x1fff27a8     0x4  Data  Gb  system_MK60DZ10.o [1]
count_000               0x1fff2a0a     0x1  Data  Gb  init.o [1]
count_flag              0x1fff2a58     0x1  Data  Gb  tx_process.o [1]
count_flag_1            0x1fff2a08     0x1  Data  Gb  init.o [1]
danxian_count           0x1fff2a18     0x1  Data  Gb  tx_process.o [1]
deal_8_1                0x00001841   0x206  Code  Gb  tx_process.o [1]
default_isr             0x00007aef    0x30  Code  Gb  MK60_conf.o [1]
div                     0x00008da5     0xe  Code  Gb  div.o [3]
dma_gpio_input_init     0x0000e369    0x5c  Code  Lc  MK60_dma.o [1]
dma_portx2buff_init     0x0000e3c5   0x1f4  Code  Gb  MK60_dma.o [1]
ee0                     0x1fff1278     0x4  Data  Gb  init.o [1]
ee1                     0x1fff127c     0x4  Data  Gb  init.o [1]
ee2                     0x1fff1280     0x4  Data  Gb  init.o [1]
end_1                   0x1fff29e6     0x2  Data  Gb  tx_process.o [1]
end_2                   0x1fff29f8     0x2  Data  Gb  tx_process.o [1]
err_flag                0x1fff2a2b     0x1  Data  Gb  tx_process.o [1]
error                   0x1fff2978     0x4  Data  Gb  tx_process.o [1]
error1                  0x1fff297c     0x4  Data  Gb  tx_process.o [1]
error_0                 0x1fff1250     0x4  Data  Gb  init.o [1]
error_00                0x1fff29fe     0x2  Data  Gb  tx_process.o [1]
error_01                0x1fff2a00     0x2  Data  Gb  tx_process.o [1]
error_3                 0x1fff29fa     0x2  Data  Gb  tx_process.o [1]
error_4                 0x1fff2980     0x4  Data  Gb  tx_process.o [1]
error_s                 0x1fff2984     0x4  Data  Gb  tx_process.o [1]
exit                    0x0000ec9b     0x4  Code  Gb  exit.o [3]
flag_00                 0x1fff2a04     0x1  Data  Gb  init.o [1]
flag_1                  0x1fff2a4b     0x1  Data  Gb  tx_process.o [1]
flag_wan                0x1fff29ee     0x2  Data  Gb  tx_process.o [1]
flag_z                  0x1fff2a55     0x1  Data  Gb  tx_process.o [1]
flash_cmd               0x1fff100d    0x20  Code  Gb  MK60_flash.o [1]
flash_erase_sector      0x1fff1051    0x5c  Code  Gb  MK60_flash.o [1]
flash_init              0x1fff102d    0x24  Code  Gb  MK60_flash.o [1]
flash_write             0x1fff10ad    0xb4  Code  Gb  MK60_flash.o [1]
fputc                   0x00007a41    0x14  Code  Gb  MK60_conf.o [1]
ftm_pwm_duty            0x0000c1bb   0x128  Code  Gb  MK60_ftm.o [1]
ftm_pwm_init            0x0000c01d   0x19e  Code  Gb  MK60_ftm.o [1]
ftm_quad_clean          0x0000c415    0x28  Code  Gb  MK60_ftm.o [1]
ftm_quad_get            0x0000c3e9    0x2c  Code  Gb  MK60_ftm.o [1]
ftm_quad_init           0x0000c2e3   0x106  Code  Gb  MK60_ftm.o [1]
get_speed               0x00009397   0x614  Code  Gb  init.o [1]
gpio_get                0x0000789b    0x3a  Code  Gb  MK60_gpio.o [1]
gpio_init               0x000077b5    0xae  Code  Gb  MK60_gpio.o [1]
gpio_turn               0x00007863    0x38  Code  Gb  MK60_gpio.o [1]
gyro1                   0x1fff29e2     0x2  Data  Gb  main.o [1]
h                       0x1fff2a46     0x1  Data  Gb  tx_process.o [1]
heixian                 0x1fff2a59     0x1  Data  Gb  tx_process.o [1]
heixian_flag            0x1fff2a5a     0x1  Data  Gb  tx_process.o [1]
heixian_flag_0          0x1fff04c5     0x1  Data  Gb  main.o [1]
houduan_count           0x1fff2a21     0x1  Data  Gb  tx_process.o [1]
houduan_flag            0x1fff2a1d     0x1  Data  Gb  tx_process.o [1]
img                     0x1fff14e4  0x12c0  Data  Gb  main.o [1]
img_extract             0x0000df69    0x8c  Code  Gb  main.o [1]
imgbuff                 0x1fff128c   0x258  Data  Gb  main.o [1]
incpid                  0x1fff1284     0x4  Data  Gb  init.o [1]
inwandao_flag           0x1fff2a62     0x1  Data  Gb  tx_process.o [1]
jiezhi                  0x1fff2a41     0x1  Data  Gb  tx_process.o [1]
jiezhi_flag             0x1fff2a3f     0x1  Data  Gb  tx_process.o [1]
jiezhi_hang_0           0x1fff2a51     0x1  Data  Gb  tx_process.o [1]
jiezhi_hang_1           0x1fff2a50     0x1  Data  Gb  tx_process.o [1]
jinduan_Y               0x1fff2a5f     0x1  Data  Gb  tx_process.o [1]
jinduan_Z               0x1fff2a60     0x1  Data  Gb  tx_process.o [1]
key_check               0x00007ea5    0x2a  Code  Gb  VCAN_key.o [1]
key_get                 0x00007e8b    0x1a  Code  Gb  VCAN_key.o [1]
key_init                0x00007e39    0x52  Code  Gb  VCAN_key.o [1]
last_angle              0x1fff2954     0x4  Data  Gb  tx_process.o [1]
last_angle_1            0x1fff2988     0x4  Data  Gb  tx_process.o [1]
last_flag_Y             0x1fff2a3a     0x1  Data  Gb  tx_process.o [1]
last_flag_Z             0x1fff2a39     0x1  Data  Gb  tx_process.o [1]
last_hx_flag            0x1fff2a67     0x1  Data  Gb  tx_process.o [1]
last_pic                0x1fff2a1e     0x1  Data  Gb  tx_process.o [1]
led_init                0x00007b41    0x3a  Code  Gb  VCAN_LED.o [1]
led_turn                0x00007b7b    0x32  Code  Gb  VCAN_LED.o [1]
localeconv              0x00008d73    0x16  Code  Gb  localeconv.o [3]
main                    0x0000ddcd    0xc8  Code  Gb  main.o [1]
max                     0x00000461    0xe2  Code  Gb  tx_process.o [1]
mcg_cfg                 0x1fff0bfc    0x58  Data  Gb  MK60_mcg.o [1]
mcg_div                 0x1fff0c54     0x4  Data  Gb  MK60_mcg.o [1]
mcg_div_count           0x0000d645   0x2fe  Code  Gb  MK60_mcg.o [1]
memchr                  0x00008b09          Code  Gb  memchr.o [5]
nihe_center             0x00003181   0x94c  Code  Gb  tx_process.o [1]
num_00                  0x1fff2a02     0x1  Data  Gb  init.o [1]
num_11                  0x1fff2a03     0x1  Data  Gb  init.o [1]
obuf                    0x1fff2990    0x50  Data  Lc  xfiles.o [3]
ov7725_eagle_cfgnum     0x1fff0fb8     0x1  Data  Gb  VCAN_OV7725_Eagle.o [1]
ov7725_eagle_dma        0x0000e149    0x14  Code  Gb  VCAN_OV7725_Eagle.o [1]
ov7725_eagle_get_img    0x0000e15d    0x42  Code  Gb  VCAN_OV7725_Eagle.o [1]
ov7725_eagle_img_buff   0x1fff298c     0x4  Data  Gb  VCAN_OV7725_Eagle.o [1]
ov7725_eagle_img_flag   0x1fff0f50     0x1  Data  Gb  VCAN_OV7725_Eagle.o [1]
ov7725_eagle_init       0x0000e089    0x18  Code  Gb  VCAN_OV7725_Eagle.o [1]
ov7725_eagle_port_init  0x0000e0a1    0x54  Code  Lc  VCAN_OV7725_Eagle.o [1]
ov7725_eagle_reg        0x1fff0f54    0x64  Data  Gb  VCAN_OV7725_Eagle.o [1]
ov7725_eagle_reg_init   0x0000e19f    0xb0  Code  Lc  VCAN_OV7725_Eagle.o [1]
ov7725_eagle_vsync      0x0000e0f5    0x54  Code  Gb  VCAN_OV7725_Eagle.o [1]
pinghua                 0x000040e1    0x48  Code  Gb  tx_process.o [1]
pit_init                0x0000e2ed    0x6c  Code  Gb  MK60_PIT.o [1]
pll_init                0x0000d943    0xb2  Code  Gb  MK60_mcg.o [1]
port_init               0x000078dd    0x44  Code  Gb  MK60_port.o [1]
port_init_NoALT         0x00007921    0x62  Code  Gb  MK60_port.o [1]
printf                  0x00007bb1    0x24  Code  Gb  printf.o [3]
putchar                 0x0000ed01     0xc  Code  Gb  putchar.o [3]
q_flag                  0x1fff2a5b     0x1  Data  Gb  tx_process.o [1]
q_flag_1                0x1fff2a5c     0x1  Data  Gb  tx_process.o [1]
qianduan_count          0x1fff2a1f     0x1  Data  Gb  tx_process.o [1]
qianduan_flag           0x1fff2a1b     0x1  Data  Gb  tx_process.o [1]
qipao_flag_0            0x1fff04c4     0x1  Data  Gb  init.o [1]
qipao_kaishi            0x1fff2a0b     0x1  Data  Gb  init.o [1]
qishi                   0x1fff2a40     0x1  Data  Gb  tx_process.o [1]
qishi_flag              0x1fff2a3e     0x1  Data  Gb  tx_process.o [1]
quanzhi                 0x1fff0d88    0xd0  Data  Gb  tx_process.o [1]
quanzhi_1               0x1fff0e58    0xd0  Data  Gb  tx_process.o [1]
s_zhidao_flag           0x1fff2a63     0x1  Data  Gb  tx_process.o [1]
sample_row              0x1fff0d54    0x34  Data  Gb  tx_process.o [1]
sample_row_1            0x1fff29e8     0x2  Data  Gb  tx_process.o [1]
set_sys_dividers        0x1fff119d    0x50  Code  Gb  MK60_mcg.o [1]
set_vector_handler      0x0000e2bf    0x22  Code  Gb  misc.o [1]
shizhi_flag             0x1fff2a3d     0x1  Data  Gb  tx_process.o [1]
shizi_handle            0x00001ba1   0xc24  Code  Gb  tx_process.o [1]
sp                      0x1fff1274     0x4  Data  Gb  init.o [1]
speed_error             0x1fff0410    0xb4  Data  Gb  init.o [1]
speed_pid_1             0x0000b9b9    0xc6  Code  Gb  init.o [1]
speed_pid_2             0x0000ba8d    0xc6  Code  Gb  init.o [1]
st7735r_dir             0x1fff2a68     0x1  Data  Gb  VCAN_LCD_ST7735R.o [1]
st7735r_h               0x1fff0f48     0x2  Data  Gb  VCAN_LCD_ST7735R.o [1]
st7735r_w               0x1fff0f4a     0x2  Data  Gb  VCAN_LCD_ST7735R.o [1]
start                   0x0000e7dd    0x2e  Code  Gb  system_MK60DZ10.o [1]
start_1                 0x1fff29e4     0x2  Data  Gb  tx_process.o [1]
start_2                 0x1fff29f6     0x2  Data  Gb  tx_process.o [1]
start_check             0x00007a55    0x9a  Code  Gb  MK60_conf.o [1]
store_data              0x00004b8b    0x50  Code  Gb  tx_process.o [1]
strchr                  0x00008ab9          Code  Gb  strchr.o [5]
strlen                  0x00008ad1          Code  Gb  strlen.o [5]
suangxian_count         0x1fff2a19     0x1  Data  Gb  tx_process.o [1]
sum                     0x1fff2970     0x4  Data  Gb  tx_process.o [1]
sysinit                 0x0000e80b    0x3c  Code  Gb  system_MK60DZ10.o [1]
systick_delay           0x0000798d    0x36  Code  Gb  MK60_SysTick.o [1]
systick_delay_ms        0x000079c3    0x18  Code  Gb  MK60_SysTick.o [1]
tingche_flag            0x1fff2a0d     0x1  Data  Gb  main.o [1]
uart_init               0x00007bd5   0x22c  Code  Gb  MK60_uart.o [1]
uart_putchar            0x00007e01    0x1e  Code  Gb  MK60_uart.o [1]
val_y                   0x1fff124c     0x4  Data  Gb  init.o [1]
val_z                   0x1fff1248     0x4  Data  Gb  init.o [1]
valid_row               0x1fff2a64     0x1  Data  Gb  tx_process.o [1]
valid_row_              0x1fff2a0e     0x1  Data  Gb  tx_process.o [1]
valid_row_0             0x1fff29ea     0x2  Data  Gb  tx_process.o [1]
valid_row_11            0x1fff2a0f     0x1  Data  Gb  tx_process.o [1]
vector_str              0x1fff04d0   0x708  Data  Gb  MK60_conf.o [1]
wandao_flag             0x1fff2a61     0x1  Data  Gb  tx_process.o [1]
wdog_disable            0x0000e91d    0x16  Code  Gb  MK60_wdog.o [1]
wdog_unlock             0x0000e933    0x20  Code  Lc  MK60_wdog.o [1]
white_count             0x1fff2a1a     0x1  Data  Gb  tx_process.o [1]
write_vtor              0x0000e29d    0x22  Code  Gb  misc.o [1]
y                       0x1fff2a4f     0x1  Data  Gb  tx_process.o [1]
y_flag                  0x1fff2a4c     0x1  Data  Gb  tx_process.o [1]
y_z                     0x1fff2a56     0x1  Data  Gb  tx_process.o [1]
y_zj_flag               0x1fff2a12     0x1  Data  Gb  tx_process.o [1]
youwan_flag             0x1fff2a65     0x1  Data  Gb  tx_process.o [1]
youxiao_hang            0x00003c1d   0x2aa  Code  Gb  tx_process.o [1]
youxiao_hang_1          0x00003ad5   0x130  Code  Gb  tx_process.o [1]
youxiaoyoubian          0x1fff2a5e     0x1  Data  Gb  tx_process.o [1]
youxiaozuobian          0x1fff2a5d     0x1  Data  Gb  tx_process.o [1]
ys                      0x1fff2a45     0x1  Data  Gb  tx_process.o [1]
yupan_zy                0x00000543    0xb4  Code  Gb  tx_process.o [1]
yx                      0x1fff2a43     0x1  Data  Gb  tx_process.o [1]
z_1                     0x1fff2a52     0x1  Data  Gb  tx_process.o [1]
z_flag                  0x1fff2a4d     0x1  Data  Gb  tx_process.o [1]
z_z                     0x1fff2a57     0x1  Data  Gb  tx_process.o [1]
z_zj_flag               0x1fff2a13     0x1  Data  Gb  tx_process.o [1]
zhongdian               0x1fff2a22     0x1  Data  Gb  tx_process.o [1]
zhongduan_count         0x1fff2a20     0x1  Data  Gb  tx_process.o [1]
zhongduan_flag          0x1fff2a1c     0x1  Data  Gb  tx_process.o [1]
zhongzhi_hang           0x1fff29ec     0x2  Data  Gb  tx_process.o [1]
zj_flag                 0x1fff2a53     0x1  Data  Gb  tx_process.o [1]
zj_flag_1               0x1fff2a54     0x1  Data  Gb  tx_process.o [1]
zs                      0x1fff2a44     0x1  Data  Gb  tx_process.o [1]
zuowan_flag             0x1fff2a66     0x1  Data  Gb  tx_process.o [1]
zx                      0x1fff2a42     0x1  Data  Gb  tx_process.o [1]


[1] = E:\8月\8月10\Prj\IAR\FX15_Debug\Obj
[2] = command line
[3] = dl7M_tlf.a
[4] = m7M_tlv.a
[5] = rt7M_tl.a

  53 790 bytes of readonly  code memory
     496 bytes of readwrite code memory
   7 150 bytes of readonly  data memory
   9 457 bytes of readwrite data memory

Errors: none
Warnings: none
